  Determining projects to restore...
  All projects are up-to-date for restore.
  ES.Core -> C:\work\ES\ES.Core\bin\Debug\net10.0\ES.Core.dll
  ES.Declarations -> C:\work\ES\ES.Declarations\bin\Debug\net10.0\ES.Declarations.dll
C:\work\ES\ES.Application\Sagas\PlaceOrderSaga.cs(58,25): warning CS8604: Possible null reference argument for parameter 'SagaId' in 'MarkProductReserved.MarkProductReserved(string SagaId, string ProductId, string TenantId, string? CorrelationId = null)'. [C:\work\ES\ES.Application\ES.Application.csproj]
C:\work\ES\ES.Application\Sagas\PlaceOrderSaga.cs(74,25): warning CS8604: Possible null reference argument for parameter 'SagaId' in 'MarkProductReservationFailed.MarkProductReservationFailed(string SagaId, string ProductId, string TenantId, string? CorrelationId = null)'. [C:\work\ES\ES.Application\ES.Application.csproj]
C:\work\ES\ES.Application\Sagas\UpdateOrderSaga.cs(30,87): error CS1503: Argument 4: cannot convert from 'ES.Declarations.UpdateOrderSaga.Events.Started' to 'string' [C:\work\ES\ES.Application\ES.Application.csproj]
C:\work\ES\ES.Application\Sagas\UpdateOrderSaga.cs(35,88): error CS1503: Argument 4: cannot convert from 'ES.Declarations.UpdateOrderSaga.Events.Started' to 'string' [C:\work\ES\ES.Application\ES.Application.csproj]
C:\work\ES\ES.Application\Sagas\UpdateOrderSaga.cs(49,60): error CS1503: Argument 3: cannot convert from 'ES.Declarations.Orders.Events.ItemsAdjusted' to 'string' [C:\work\ES\ES.Application\ES.Application.csproj]
C:\work\ES\ES.Application\Sagas\UpdateOrderSaga.cs(64,61): error CS1503: Argument 3: cannot convert from 'ES.Declarations.Orders.Events.ItemsAdjustingFialeded' to 'string' [C:\work\ES\ES.Application\ES.Application.csproj]
C:\work\ES\ES.Application\Sagas\UpdateOrderSaga.cs(79,48): error CS1503: Argument 3: cannot convert from 'ES.Declarations.Inventory.Events.ProductReserved' to 'string' [C:\work\ES\ES.Application\ES.Application.csproj]
C:\work\ES\ES.Application\Sagas\UpdateOrderSaga.cs(92,48): error CS1503: Argument 3: cannot convert from 'ES.Declarations.Inventory.Events.ProductReleased' to 'string' [C:\work\ES\ES.Application\ES.Application.csproj]
C:\work\ES\ES.Application\Sagas\UpdateOrderSaga.cs(105,48): error CS1503: Argument 3: cannot convert from 'ES.Declarations.Inventory.Events.ProductReservationFailed' to 'string' [C:\work\ES\ES.Application\ES.Application.csproj]
C:\work\ES\ES.Application\Sagas\UpdateOrderSaga.cs(117,43): error CS1503: Argument 3: cannot convert from 'ES.Declarations.UpdateOrderSaga.Events.AllProductsReserved' to 'string' [C:\work\ES\ES.Application\ES.Application.csproj]
C:\work\ES\ES.Application\Sagas\UpdateOrderSaga.cs(126,49): error CS1503: Argument 3: cannot convert from 'ES.Declarations.UpdateOrderSaga.Events.ReservationsCancellingNeeded' to 'string' [C:\work\ES\ES.Application\ES.Application.csproj]
C:\work\ES\ES.Application\Sagas\PlaceOrderSagaService.cs(28,103): error CS1503: Argument 2: cannot convert from 'ES.Declarations.PlaceOrderSaga.Commands.MarkProductReserved' to 'string' [C:\work\ES\ES.Application\ES.Application.csproj]
C:\work\ES\ES.Application\Sagas\PlaceOrderSagaService.cs(38,87): error CS1503: Argument 2: cannot convert from 'ES.Declarations.PlaceOrderSaga.Commands.MarkProductReserved' to 'string' [C:\work\ES\ES.Application\ES.Application.csproj]
C:\work\ES\ES.Application\Sagas\PlaceOrderSagaService.cs(49,112): error CS1503: Argument 2: cannot convert from 'ES.Declarations.PlaceOrderSaga.Commands.MarkProductReservationFailed' to 'string' [C:\work\ES\ES.Application\ES.Application.csproj]
C:\work\ES\ES.Application\Sagas\PlaceOrderSagaService.cs(59,101): error CS1503: Argument 3: cannot convert from 'ES.Declarations.PlaceOrderSaga.Commands.MarkProductReservationFailed' to 'string' [C:\work\ES\ES.Application\ES.Application.csproj]
C:\work\ES\ES.Application\Orders\OrderService.cs(17,95): error CS1503: Argument 5: cannot convert from 'ES.Declarations.Orders.Commands.DraftOrder' to 'string' [C:\work\ES\ES.Application\ES.Application.csproj]
C:\work\ES\ES.Application\Orders\OrderService.cs(25,44): error CS1503: Argument 1: cannot convert from 'ES.Declarations.Orders.Commands.SetOrderPlaced' to 'string' [C:\work\ES\ES.Application\ES.Application.csproj]
C:\work\ES\ES.Application\Orders\OrderService.cs(33,58): error CS1503: Argument 2: cannot convert from 'ES.Declarations.Orders.Commands.CancelOrder' to 'string' [C:\work\ES\ES.Application\ES.Application.csproj]
C:\work\ES\ES.Application\Orders\OrderService.cs(64,67): error CS1503: Argument 1: cannot convert from 'ES.Declarations.Orders.Commands.AdjustProducts' to 'string' [C:\work\ES\ES.Application\ES.Application.csproj]
C:\work\ES\ES.Application\Orders\OrderService.cs(71,46): error CS1503: Argument 2: cannot convert from 'ES.Declarations.Orders.Commands.AdjustProducts' to 'string' [C:\work\ES\ES.Application\ES.Application.csproj]
C:\work\ES\ES.Application\Inventory\InventoryService.cs(19,25): error CS1503: Argument 3: cannot convert from 'ES.Declarations.Inventory.Commands.CreateInventoryItem' to 'string' [C:\work\ES\ES.Application\ES.Application.csproj]
C:\work\ES\ES.Application\Inventory\InventoryService.cs(35,46): error CS1503: Argument 4: cannot convert from 'ES.Declarations.Inventory.Commands.ReserveProduct' to 'string' [C:\work\ES\ES.Application\ES.Application.csproj]
C:\work\ES\ES.Application\Inventory\InventoryService.cs(45,46): error CS1503: Argument 4: cannot convert from 'ES.Declarations.Inventory.Commands.ReserveProduct' to 'string' [C:\work\ES\ES.Application\ES.Application.csproj]
C:\work\ES\ES.Application\Inventory\InventoryService.cs(68,46): error CS1503: Argument 4: cannot convert from 'ES.Declarations.Inventory.Commands.ReleaseProduct' to 'string' [C:\work\ES\ES.Application\ES.Application.csproj]
C:\work\ES\ES.Application\Inventory\InventoryService.cs(79,46): error CS1503: Argument 4: cannot convert from 'ES.Declarations.Inventory.Commands.ReleaseProduct' to 'string' [C:\work\ES\ES.Application\ES.Application.csproj]
C:\work\ES\ES.Application\Inventory\InventoryService.cs(91,38): error CS1503: Argument 2: cannot convert from 'ES.Declarations.Inventory.Commands.CancelProductReservation' to 'string' [C:\work\ES\ES.Application\ES.Application.csproj]
C:\work\ES\ES.Application\Sagas\UpdateOrderSagaService.cs(27,63): error CS1503: Argument 2: cannot convert from 'ES.Declarations.UpdateOrderSaga.Commands.UpdateStatus' to 'string' [C:\work\ES\ES.Application\ES.Application.csproj]
C:\work\ES\ES.Application\Sagas\UpdateOrderSagaService.cs(35,113): error CS1503: Argument 2: cannot convert from 'ES.Declarations.UpdateOrderSaga.Commands.MarkProductReservedOrReleased' to 'string' [C:\work\ES\ES.Application\ES.Application.csproj]
C:\work\ES\ES.Application\Sagas\UpdateOrderSagaService.cs(47,99): error CS1503: Argument 3: cannot convert from 'ES.Declarations.UpdateOrderSaga.Commands.MarkProductReservedOrReleased' to 'string' [C:\work\ES\ES.Application\ES.Application.csproj]
C:\work\ES\ES.Application\Sagas\UpdateOrderSagaService.cs(58,105): error CS1503: Argument 2: cannot convert from 'ES.Declarations.UpdateOrderSaga.Commands.MarkProductReservationFailed' to 'string' [C:\work\ES\ES.Application\ES.Application.csproj]
C:\work\ES\ES.Application\Sagas\UpdateOrderSagaService.cs(66,57): error CS1503: Argument 3: cannot convert from 'ES.Declarations.UpdateOrderSaga.Commands.MarkProductReservationFailed' to 'string' [C:\work\ES\ES.Application\ES.Application.csproj]

Build FAILED.

C:\work\ES\ES.Application\Sagas\PlaceOrderSaga.cs(58,25): warning CS8604: Possible null reference argument for parameter 'SagaId' in 'MarkProductReserved.MarkProductReserved(string SagaId, string ProductId, string TenantId, string? CorrelationId = null)'. [C:\work\ES\ES.Application\ES.Application.csproj]
C:\work\ES\ES.Application\Sagas\PlaceOrderSaga.cs(74,25): warning CS8604: Possible null reference argument for parameter 'SagaId' in 'MarkProductReservationFailed.MarkProductReservationFailed(string SagaId, string ProductId, string TenantId, string? CorrelationId = null)'. [C:\work\ES\ES.Application\ES.Application.csproj]
C:\work\ES\ES.Application\Sagas\UpdateOrderSaga.cs(30,87): error CS1503: Argument 4: cannot convert from 'ES.Declarations.UpdateOrderSaga.Events.Started' to 'string' [C:\work\ES\ES.Application\ES.Application.csproj]
C:\work\ES\ES.Application\Sagas\UpdateOrderSaga.cs(35,88): error CS1503: Argument 4: cannot convert from 'ES.Declarations.UpdateOrderSaga.Events.Started' to 'string' [C:\work\ES\ES.Application\ES.Application.csproj]
C:\work\ES\ES.Application\Sagas\UpdateOrderSaga.cs(49,60): error CS1503: Argument 3: cannot convert from 'ES.Declarations.Orders.Events.ItemsAdjusted' to 'string' [C:\work\ES\ES.Application\ES.Application.csproj]
C:\work\ES\ES.Application\Sagas\UpdateOrderSaga.cs(64,61): error CS1503: Argument 3: cannot convert from 'ES.Declarations.Orders.Events.ItemsAdjustingFialeded' to 'string' [C:\work\ES\ES.Application\ES.Application.csproj]
C:\work\ES\ES.Application\Sagas\UpdateOrderSaga.cs(79,48): error CS1503: Argument 3: cannot convert from 'ES.Declarations.Inventory.Events.ProductReserved' to 'string' [C:\work\ES\ES.Application\ES.Application.csproj]
C:\work\ES\ES.Application\Sagas\UpdateOrderSaga.cs(92,48): error CS1503: Argument 3: cannot convert from 'ES.Declarations.Inventory.Events.ProductReleased' to 'string' [C:\work\ES\ES.Application\ES.Application.csproj]
C:\work\ES\ES.Application\Sagas\UpdateOrderSaga.cs(105,48): error CS1503: Argument 3: cannot convert from 'ES.Declarations.Inventory.Events.ProductReservationFailed' to 'string' [C:\work\ES\ES.Application\ES.Application.csproj]
C:\work\ES\ES.Application\Sagas\UpdateOrderSaga.cs(117,43): error CS1503: Argument 3: cannot convert from 'ES.Declarations.UpdateOrderSaga.Events.AllProductsReserved' to 'string' [C:\work\ES\ES.Application\ES.Application.csproj]
C:\work\ES\ES.Application\Sagas\UpdateOrderSaga.cs(126,49): error CS1503: Argument 3: cannot convert from 'ES.Declarations.UpdateOrderSaga.Events.ReservationsCancellingNeeded' to 'string' [C:\work\ES\ES.Application\ES.Application.csproj]
C:\work\ES\ES.Application\Sagas\PlaceOrderSagaService.cs(28,103): error CS1503: Argument 2: cannot convert from 'ES.Declarations.PlaceOrderSaga.Commands.MarkProductReserved' to 'string' [C:\work\ES\ES.Application\ES.Application.csproj]
C:\work\ES\ES.Application\Sagas\PlaceOrderSagaService.cs(38,87): error CS1503: Argument 2: cannot convert from 'ES.Declarations.PlaceOrderSaga.Commands.MarkProductReserved' to 'string' [C:\work\ES\ES.Application\ES.Application.csproj]
C:\work\ES\ES.Application\Sagas\PlaceOrderSagaService.cs(49,112): error CS1503: Argument 2: cannot convert from 'ES.Declarations.PlaceOrderSaga.Commands.MarkProductReservationFailed' to 'string' [C:\work\ES\ES.Application\ES.Application.csproj]
C:\work\ES\ES.Application\Sagas\PlaceOrderSagaService.cs(59,101): error CS1503: Argument 3: cannot convert from 'ES.Declarations.PlaceOrderSaga.Commands.MarkProductReservationFailed' to 'string' [C:\work\ES\ES.Application\ES.Application.csproj]
C:\work\ES\ES.Application\Orders\OrderService.cs(17,95): error CS1503: Argument 5: cannot convert from 'ES.Declarations.Orders.Commands.DraftOrder' to 'string' [C:\work\ES\ES.Application\ES.Application.csproj]
C:\work\ES\ES.Application\Orders\OrderService.cs(25,44): error CS1503: Argument 1: cannot convert from 'ES.Declarations.Orders.Commands.SetOrderPlaced' to 'string' [C:\work\ES\ES.Application\ES.Application.csproj]
C:\work\ES\ES.Application\Orders\OrderService.cs(33,58): error CS1503: Argument 2: cannot convert from 'ES.Declarations.Orders.Commands.CancelOrder' to 'string' [C:\work\ES\ES.Application\ES.Application.csproj]
C:\work\ES\ES.Application\Orders\OrderService.cs(64,67): error CS1503: Argument 1: cannot convert from 'ES.Declarations.Orders.Commands.AdjustProducts' to 'string' [C:\work\ES\ES.Application\ES.Application.csproj]
C:\work\ES\ES.Application\Orders\OrderService.cs(71,46): error CS1503: Argument 2: cannot convert from 'ES.Declarations.Orders.Commands.AdjustProducts' to 'string' [C:\work\ES\ES.Application\ES.Application.csproj]
C:\work\ES\ES.Application\Inventory\InventoryService.cs(19,25): error CS1503: Argument 3: cannot convert from 'ES.Declarations.Inventory.Commands.CreateInventoryItem' to 'string' [C:\work\ES\ES.Application\ES.Application.csproj]
C:\work\ES\ES.Application\Inventory\InventoryService.cs(35,46): error CS1503: Argument 4: cannot convert from 'ES.Declarations.Inventory.Commands.ReserveProduct' to 'string' [C:\work\ES\ES.Application\ES.Application.csproj]
C:\work\ES\ES.Application\Inventory\InventoryService.cs(45,46): error CS1503: Argument 4: cannot convert from 'ES.Declarations.Inventory.Commands.ReserveProduct' to 'string' [C:\work\ES\ES.Application\ES.Application.csproj]
C:\work\ES\ES.Application\Inventory\InventoryService.cs(68,46): error CS1503: Argument 4: cannot convert from 'ES.Declarations.Inventory.Commands.ReleaseProduct' to 'string' [C:\work\ES\ES.Application\ES.Application.csproj]
C:\work\ES\ES.Application\Inventory\InventoryService.cs(79,46): error CS1503: Argument 4: cannot convert from 'ES.Declarations.Inventory.Commands.ReleaseProduct' to 'string' [C:\work\ES\ES.Application\ES.Application.csproj]
C:\work\ES\ES.Application\Inventory\InventoryService.cs(91,38): error CS1503: Argument 2: cannot convert from 'ES.Declarations.Inventory.Commands.CancelProductReservation' to 'string' [C:\work\ES\ES.Application\ES.Application.csproj]
C:\work\ES\ES.Application\Sagas\UpdateOrderSagaService.cs(27,63): error CS1503: Argument 2: cannot convert from 'ES.Declarations.UpdateOrderSaga.Commands.UpdateStatus' to 'string' [C:\work\ES\ES.Application\ES.Application.csproj]
C:\work\ES\ES.Application\Sagas\UpdateOrderSagaService.cs(35,113): error CS1503: Argument 2: cannot convert from 'ES.Declarations.UpdateOrderSaga.Commands.MarkProductReservedOrReleased' to 'string' [C:\work\ES\ES.Application\ES.Application.csproj]
C:\work\ES\ES.Application\Sagas\UpdateOrderSagaService.cs(47,99): error CS1503: Argument 3: cannot convert from 'ES.Declarations.UpdateOrderSaga.Commands.MarkProductReservedOrReleased' to 'string' [C:\work\ES\ES.Application\ES.Application.csproj]
C:\work\ES\ES.Application\Sagas\UpdateOrderSagaService.cs(58,105): error CS1503: Argument 2: cannot convert from 'ES.Declarations.UpdateOrderSaga.Commands.MarkProductReservationFailed' to 'string' [C:\work\ES\ES.Application\ES.Application.csproj]
C:\work\ES\ES.Application\Sagas\UpdateOrderSagaService.cs(66,57): error CS1503: Argument 3: cannot convert from 'ES.Declarations.UpdateOrderSaga.Commands.MarkProductReservationFailed' to 'string' [C:\work\ES\ES.Application\ES.Application.csproj]
    2 Warning(s)
    29 Error(s)

Time Elapsed 00:00:01.86
